supabase/functions/ai-tutor/index.ts(11,1): error TS2304: Cannot find name 'Deno'.
supabase/functions/ai-tutor/index.ts(11,19): error TS7006: Parameter 'req' implicitly has an 'any' type.
supabase/functions/ai-tutor/index.ts(19,20): error TS2304: Cannot find name 'Deno'.
supabase/functions/livekit-token/index.ts(6,23): error TS2307: Cannot find module 'https://deno.land/std@0.168.0/http/server.ts' or its corresponding type declarations.
supabase/functions/livekit-token/index.ts(7,29): error TS2307: Cannot find module 'npm:livekit-server-sdk@2.0.0' or its corresponding type declarations.
supabase/functions/livekit-token/index.ts(22,29): error TS2304: Cannot find name 'Deno'.
supabase/functions/livekit-token/index.ts(23,32): error TS2304: Cannot find name 'Deno'.
supabase/functions/livekit-token/index.ts(24,25): error TS2304: Cannot find name 'Deno'.
supabase/functions/livekit-token/index.ts(77,31): error TS18046: 'error' is of type 'unknown'.
supabase/functions/push-sender/index.ts(10,23): error TS2307: Cannot find module 'https://deno.land/std@0.168.0/http/server.ts' or its corresponding type declarations.
supabase/functions/push-sender/index.ts(11,30): error TS2307: Cannot find module 'https://esm.sh/@supabase/supabase-js@2' or its corresponding type declarations.
supabase/functions/push-sender/index.ts(83,14): error TS7006: Parameter 'req' implicitly has an 'any' type.
supabase/functions/push-sender/index.ts(90,7): error TS2304: Cannot find name 'Deno'.
supabase/functions/push-sender/index.ts(91,7): error TS2304: Cannot find name 'Deno'.
supabase/functions/push-sender/index.ts(308,49): error TS18046: 'error' is of type 'unknown'.
supabase/functions/send-call-push/index.ts(6,23): error TS2307: Cannot find module 'https://deno.land/std@0.168.0/http/server.ts' or its corresponding type declarations.
supabase/functions/send-call-push/index.ts(7,30): error TS2307: Cannot find module 'https://esm.sh/@supabase/supabase-js@2' or its corresponding type declarations.
supabase/functions/send-call-push/index.ts(22,29): error TS2304: Cannot find name 'Deno'.
supabase/functions/send-call-push/index.ts(23,36): error TS2304: Cannot find name 'Deno'.
supabase/functions/send-call-push/index.ts(111,37): error TS18046: 'error' is of type 'unknown'.
supabase/functions/send-chat-notification/index.ts(1,23): error TS2307: Cannot find module 'https://deno.land/std@0.168.0/http/server.ts' or its corresponding type declarations.
supabase/functions/send-chat-notification/index.ts(2,30): error TS2307: Cannot find module 'https://esm.sh/@supabase/supabase-js@2' or its corresponding type declarations.
supabase/functions/send-chat-notification/index.ts(4,14): error TS7006: Parameter 'req' implicitly has an 'any' type.
supabase/functions/send-chat-notification/index.ts(8,7): error TS2304: Cannot find name 'Deno'.
supabase/functions/send-chat-notification/index.ts(9,7): error TS2304: Cannot find name 'Deno'.
supabase/functions/send-chat-notification/index.ts(58,49): error TS18046: 'error' is of type 'unknown'.
supabase/functions/send-report-alert/index.ts(1,23): error TS2307: Cannot find module 'https://deno.land/std@0.168.0/http/server.ts' or its corresponding type declarations.
supabase/functions/send-report-alert/index.ts(13,14): error TS7006: Parameter 'req' implicitly has an 'any' type.
supabase/functions/send-report-alert/index.ts(194,49): error TS18046: 'error' is of type 'unknown'.
supabase/functions/send-support-ticket/index.ts(1,23): error TS2307: Cannot find module 'https://deno.land/std@0.168.0/http/server.ts' or its corresponding type declarations.
supabase/functions/send-support-ticket/index.ts(11,14): error TS7006: Parameter 'req' implicitly has an 'any' type.
supabase/functions/send-support-ticket/index.ts(113,49): error TS18046: 'error' is of type 'unknown'.
